// Jest Snapshot v1, https://goo.gl/fbAQLP

exports[`Testing Splash... render Splash 1`] = `
<Box
  align="center"
  announce={false}
  direction="column"
  focusable={true}
  full={true}
  justify="center"
  pad="none"
  responsive={true}
  tag="div"
>
  <Label
    size="medium"
  >
    Loading...
  </Label>
</Box>
`;
